<html>
<body>
<pre>
<h1>µVision Build Log</h1>
<h2>Tool Versions:</h2>
IDE-Version: µVision V5.24.2.0
Copyright (C) 2017 ARM Ltd and ARM Germany GmbH. All rights reserved.
License Information: Mattia Zambetti, Dynamis, LIC=JL28T-RHH5C-63AMB-2VI02-E8BH4-G6FSQ
 
Tool Versions:
Toolchain:       MDK-ARM Plus  Version: 5.24.1
Toolchain Path:  D:\Dynamis\software\Keil MDK-ARM 5.24a\Keil program\ARM\ARMCC\Bin
C Compiler:      Armcc.exe V5.06 update 5 (build 528)
Assembler:       Armasm.exe V5.06 update 5 (build 528)
Linker/Locator:  ArmLink.exe V5.06 update 5 (build 528)
Library Manager: ArmAr.exe V5.06 update 5 (build 528)
Hex Converter:   FromElf.exe V5.06 update 5 (build 528)
CPU DLL:         SARMCM3.DLL V5.24.1
Dialog DLL:      DCM.DLL V1.16.0.0
Target DLL:      STLink\ST-LINKIII-KEIL_SWO.dll V3.0.1.0
Dialog DLL:      TCM.DLL V1.32.0.0
 
<h2>Project:</h2>
D:\Dynamis\ProveDiscovery\CompleteProjectTouchGFX\MDK-ARM\CompleteProjectTouchGFX.uvprojx
Project File Date:  12/12/2020

<h2>Output:</h2>
*** Using Compiler 'V5.06 update 5 (build 528)', folder: 'D:\Dynamis\software\Keil MDK-ARM 5.24a\Keil program\ARM\ARMCC\Bin'
*** Warning: Using Microlib and C++ file(s) might cause the linker to fail !
  
Build target 'CompleteProjectTouchGFX'
compiling Font_verdana_20_4bpp_0.cpp...
compiling Kerning_verdana_20_4bpp.cpp...
compiling Table_verdana_20_4bpp.cpp...
linking...
Program Size: Code=52424 RO-data=5920 RW-data=592 ZI-data=75992  
FromELF: creating hex file...
"CompleteProjectTouchGFX\CompleteProjectTouchGFX.axf" - 0 Error(s), 0 Warning(s).

<h2>Software Packages used:</h2>

Package Vendor: ARM
                http://www.keil.com/pack/ARM.CMSIS.5.7.0.pack
                ARM.CMSIS.5.7.0
                CMSIS (Cortex Microcontroller Software Interface Standard)
   * Component: CORE Version: 5.4.0

Package Vendor: Keil
                http://www.keil.com/pack/Keil.STM32F7xx_DFP.2.13.0.pack
                Keil.STM32F7xx_DFP.2.13.0
                STMicroelectronics STM32F7 Series Device Support, Drivers and Examples

<h2>Collection of Component include folders:</h2>
  .\RTE\_CompleteProjectTouchGFX
  D:\Dynamis\software\Keil MDK-ARM 5.24a\Keil program\ARM\PACK\ARM\CMSIS\5.7.0\CMSIS\Core\Include
  D:\Dynamis\software\Keil MDK-ARM 5.24a\Keil program\ARM\PACK\Keil\STM32F7xx_DFP\2.13.0\Drivers\CMSIS\Device\ST\STM32F7xx\Include

<h2>Collection of Component Files used:</h2>

   * Component: ARM::CMSIS:CORE:5.4.0
Build Time Elapsed:  00:00:01
</pre>
</body>
</html>
